[16-Jun-2026 11:11:40 America/Mexico_City] PHP Fatal error:  Uncaught Error: Call to private Database::__construct() from scope VisitasManager in D:\ejercicio_sspc_academia\PROYECTO_UNO\PROYECTO_UNO\includes\VisitasManager.php:10
Stack trace:
#0 D:\ejercicio_sspc_academia\PROYECTO_UNO\PROYECTO_UNO\includes\Bootstrap.php(140): VisitasManager->__construct()
#1 D:\ejercicio_sspc_academia\PROYECTO_UNO\PROYECTO_UNO\index.php(18): Bootstrap->run()
#2 {main}
  thrown in D:\ejercicio_sspc_academia\PROYECTO_UNO\PROYECTO_UNO\includes\VisitasManager.php on line 10
[16-Jun-2026 11:16:48 America/Mexico_City] PHP Fatal error:  Uncaught ArgumentCountError: Too few arguments to function VisitasManager::registrarVisita(), 0 passed in D:\ejercicio_sspc_academia\PROYECTO_UNO\PROYECTO_UNO\includes\Bootstrap.php on line 141 and exactly 1 expected in D:\ejercicio_sspc_academia\PROYECTO_UNO\PROYECTO_UNO\includes\VisitasManager.php:15
Stack trace:
#0 D:\ejercicio_sspc_academia\PROYECTO_UNO\PROYECTO_UNO\includes\Bootstrap.php(141): VisitasManager->registrarVisita()
#1 D:\ejercicio_sspc_academia\PROYECTO_UNO\PROYECTO_UNO\index.php(18): Bootstrap->run()
#2 {main}
  thrown in D:\ejercicio_sspc_academia\PROYECTO_UNO\PROYECTO_UNO\includes\VisitasManager.php on line 15
[16-Jun-2026 11:17:22 America/Mexico_City] Error al registrar visita: SQLSTATE[HY000]: General error: 1 no such table: visitas
[16-Jun-2026 11:22:04 America/Mexico_City] Error al registrar visita: SQLSTATE[HY000]: General error: 1 no such table: visitas
[16-Jun-2026 14:47:18 America/Mexico_City] Error al registrar visita: SQLSTATE[HY000]: General error: 1 no such table: visitas
[22-Jun-2026 10:13:28 America/Mexico_City] Error al registrar visita: SQLSTATE[HY000]: General error: 1 no such table: visitas
[23-Jun-2026 10:17:13 America/Mexico_City] Error al registrar visita: SQLSTATE[HY000]: General error: 1 no such table: visitas
[26-Jun-2026 18:14:25 America/Mexico_City] Error al registrar visita: SQLSTATE[HY000]: General error: 1 no such table: visitas
[29-Jun-2026 13:52:08 America/Mexico_City] Error al registrar visita: SQLSTATE[HY000]: General error: 1 no such table: visitas
[30-Jun-2026 14:01:02 America/Mexico_City] Error al registrar visita: SQLSTATE[HY000]: General error: 1 no such table: visitas
[01-Jul-2026 12:34:57 America/Mexico_City] Error al registrar visita: SQLSTATE[HY000]: General error: 1 no such table: visitas
[01-Jul-2026 14:32:05 America/Mexico_City] Error al registrar visita: SQLSTATE[HY000]: General error: 1 no such table: visitas
[02-Jul-2026 18:08:22 America/Mexico_City] Error al registrar visita: SQLSTATE[HY000]: General error: 1 no such table: visitas
[03-Jul-2026 11:29:21 America/Mexico_City] Error al registrar visita: SQLSTATE[HY000]: General error: 1 no such table: visitas
